##[group]Run pnpm install --frozen-lockfile
2026-10-09T00:49:25.0194336Z [36;1mpnpm install --frozen-lockfile[0m
2026-10-09T00:49:25.0194892Z [36;1m# Ver la nota del frontend principal (hallazgo M11).[0m
2026-10-09T00:49:25.0195443Z [36;1mpnpm audit --prod --audit-level=high[0m
2026-10-09T00:49:25.0196004Z [36;1mpnpm run build[0m
2026-10-09T00:49:25.0196335Z [36;1mpnpm run test:ci[0m
2026-10-09T00:49:25.0399791Z shell: /usr/bin/bash -e {0}
2026-10-09T00:49:25.0400346Z env:
2026-10-09T00:49:25.0400757Z   PNPM_HOME: /home/runner/setup-pnpm/node_modules/.bin
2026-10-09T00:49:25.0401305Z   JAVA_HOME: /opt/hostedtoolcache/Java_Temurin-Hotspot_jdk/21.0.12-1/x64
2026-10-09T00:49:25.0401906Z   JAVA_HOME_21_X64: /opt/hostedtoolcache/Java_Temurin-Hotspot_jdk/21.0.12-1/x64
2026-10-09T00:49:25.0402705Z   MAVEN_ARGS: -ntp
2026-10-09T00:49:25.0403045Z ##[endgroup]
2026-10-09T00:49:25.5832413Z ? Verifying lockfile against supply-chain policies (634 entries)...
2026-10-09T00:49:25.5909182Z Lockfile is up to date, resolution step is skipped
2026-10-09T00:49:25.7037502Z Progress: resolved 1, reused 0, downloaded 0, added 0
2026-10-09T00:49:25.7863939Z Packages: +510
2026-10-09T00:49:25.7892205Z ++++++++++++++++++++++++++++++++++++++++++++++++++++++++++++++++++++++++++++++++
2026-10-09T00:49:26.7049805Z Progress: resolved 510, reused 0, downloaded 0, added 0
2026-10-09T00:49:27.7144432Z Progress: resolved 510, reused 0, downloaded 115, added 4
2026-10-09T00:49:28.7336456Z Progress: resolved 510, reused 0, downloaded 405, added 28
2026-10-09T00:49:29.4950599Z ✓ Lockfile passes supply-chain policies (634 entries in 3.9s)
2026-10-09T00:49:29.4952552Z Progress: resolved 510, reused 0, downloaded 508, added 510, done
2026-10-09T00:49:29.8272991Z 
2026-10-09T00:49:29.8273789Z dependencies:
2026-10-09T00:49:29.8274458Z + @angular/common 21.2.19
2026-10-09T00:49:29.8274862Z + @angular/compiler 21.2.19
2026-10-09T00:49:29.8275249Z + @angular/core 21.2.19
2026-10-09T00:49:29.8275668Z + @angular/forms 21.2.19
2026-10-09T00:49:29.8276104Z + @angular/platform-browser 21.2.19
2026-10-09T00:49:29.8276496Z + @angular/router 21.2.19
2026-10-09T00:49:29.8277390Z + @tailwindcss/postcss 4.3.3
2026-10-09T00:49:29.8277730Z + postcss 8.5.26
2026-10-09T00:49:29.8278099Z + rxjs 7.8.2
2026-10-09T00:49:29.8278432Z + tailwindcss 4.3.3
2026-10-09T00:49:29.8278747Z + tslib 2.8.1
2026-10-09T00:49:29.8279095Z + zone.js 0.15.1
2026-10-09T00:49:29.8279252Z 
2026-10-09T00:49:29.8279400Z devDependencies:
2026-10-09T00:49:29.8279772Z + @angular/build 21.2.20
2026-10-09T00:49:29.8280107Z + @angular/cli 21.2.20
2026-10-09T00:49:29.8280531Z + @angular/compiler-cli 21.2.19
2026-10-09T00:49:29.8280896Z + @types/jasmine 5.1.15
2026-10-09T00:49:29.8281450Z + jasmine-core 5.6.0
2026-10-09T00:49:29.8281921Z + karma 6.4.4
2026-10-09T00:49:29.8282558Z + karma-chrome-launcher 3.2.0
2026-10-09T00:49:29.8282941Z + karma-coverage 2.2.1
2026-10-09T00:49:29.8283281Z + karma-jasmine 5.1.0
2026-10-09T00:49:29.8283658Z + karma-jasmine-html-reporter 2.1.0
2026-10-09T00:49:29.8284122Z + typescript 5.9.3
2026-10-09T00:49:29.8284283Z 
2026-10-09T00:49:29.8579546Z Done in 4.7s using pnpm v11.11.0
2026-10-09T00:49:30.6763447Z ┌─────────────────────┬────────────────────────────────────────────────────────┐
2026-10-09T00:49:30.6764940Z │ high                │ Angular Server-Side Rendering (SSR): Denial of Service │
2026-10-09T00:49:30.6765972Z │                     │ via Numeric URL Matrix Parameters                      │
2026-10-09T00:49:30.6767075Z ├─────────────────────┼────────────────────────────────────────────────────────┤
2026-10-09T00:49:30.6768043Z │ Package             │ @angular/router                                        │
2026-10-09T00:49:30.6769058Z ├─────────────────────┼────────────────────────────────────────────────────────┤
2026-10-09T00:49:30.6770143Z │ Vulnerable versions │ >=21.0.0 <21.2.24                                      │
2026-10-09T00:49:30.6770992Z ├─────────────────────┼────────────────────────────────────────────────────────┤
2026-10-09T00:49:30.6772574Z │ Patched versions    │ >=21.2.24                                              │
2026-10-09T00:49:30.6773380Z ├─────────────────────┼────────────────────────────────────────────────────────┤
2026-10-09T00:49:30.6773999Z │ Paths               │ .>@angular/router                                      │
2026-10-09T00:49:30.6774841Z ├─────────────────────┼────────────────────────────────────────────────────────┤
2026-10-09T00:49:30.6775582Z │ More info           │ https://github.com/advisories/GHSA-ff3f-86qr-9cv3      │
2026-10-09T00:49:30.6776299Z └─────────────────────┴────────────────────────────────────────────────────────┘
2026-10-09T00:49:30.6776944Z ┌─────────────────────┬────────────────────────────────────────────────────────┐
2026-10-09T00:49:30.6777624Z │ high                │ source-map-js allows event-loop denial of service      │
2026-10-09T00:49:30.6778294Z │                     │ through indexed source-map section offsets             │
2026-10-09T00:49:30.6779008Z ├─────────────────────┼────────────────────────────────────────────────────────┤
2026-10-09T00:49:30.6779650Z │ Package             │ source-map-js                                          │
2026-10-09T00:49:30.6780339Z ├─────────────────────┼────────────────────────────────────────────────────────┤
2026-10-09T00:49:30.6780991Z │ Vulnerable versions │ >=1.0.0 <1.2.2                                         │
2026-10-09T00:49:30.6781681Z ├─────────────────────┼────────────────────────────────────────────────────────┤
2026-10-09T00:49:30.6782457Z │ Patched versions    │ >=1.2.2                                                │
2026-10-09T00:49:30.6783169Z ├─────────────────────┼────────────────────────────────────────────────────────┤
2026-10-09T00:49:30.6783804Z │ Paths               │ .>@tailwindcss/postcss>@tailwindcss/node>source-map-js │
2026-10-09T00:49:30.6784615Z │                     │                                                        │
2026-10-09T00:49:30.6785316Z │                     │ .>@tailwindcss/postcss>postcss>source-map-js           │
2026-10-09T00:49:30.6785902Z │                     │                                                        │
2026-10-09T00:49:30.6786607Z │                     │ .>postcss>source-map-js                                │
2026-10-09T00:49:30.6787277Z ├─────────────────────┼────────────────────────────────────────────────────────┤
2026-10-09T00:49:30.6788068Z │ More info           │ https://github.com/advisories/GHSA-68fv-2mgg-jv7q      │
2026-10-09T00:49:30.6788781Z └─────────────────────┴────────────────────────────────────────────────────────┘
2026-10-09T00:49:30.6789209Z 5 vulnerabilities found
2026-10-09T00:49:30.6789649Z Severity: 3 moderate | 2 high
2026-10-09T00:49:30.6960435Z ##[error]Process completed with exit code 1.
2026-10-09T00:49:30.7623997Z 
