test_descarga_fallida_no_se_publica_como_base_completa (test_cache_nvd.CacheNvd.test_descarga_fallida_no_se_publica_como_base_completa) ... 
  test_descarga_fallida_no_se_publica_como_base_completa (test_cache_nvd.CacheNvd.test_descarga_fallida_no_se_publica_como_base_completa) (workflow='ci.yml') ... FAIL
  test_descarga_fallida_no_se_publica_como_base_completa (test_cache_nvd.CacheNvd.test_descarga_fallida_no_se_publica_como_base_completa) (workflow='deploy.yml') ... FAIL
test_misma_clave_al_restaurar_y_guardar_y_respaldo_heredado (test_cache_nvd.CacheNvd.test_misma_clave_al_restaurar_y_guardar_y_respaldo_heredado) ... ok
test_reintentar_no_colisiona_con_la_copia_anterior (test_cache_nvd.CacheNvd.test_reintentar_no_colisiona_con_la_copia_anterior) ... 
  test_reintentar_no_colisiona_con_la_copia_anterior (test_cache_nvd.CacheNvd.test_reintentar_no_colisiona_con_la_copia_anterior) (workflow='ci.yml') ... FAIL
  test_reintentar_no_colisiona_con_la_copia_anterior (test_cache_nvd.CacheNvd.test_reintentar_no_colisiona_con_la_copia_anterior) (workflow='deploy.yml') ... FAIL
test_restaura_base_completa_antes_de_una_copia_antigua_incompleta (test_cache_nvd.CacheNvd.test_restaura_base_completa_antes_de_una_copia_antigua_incompleta) ... 
  test_restaura_base_completa_antes_de_una_copia_antigua_incompleta (test_cache_nvd.CacheNvd.test_restaura_base_completa_antes_de_una_copia_antigua_incompleta) (workflow='ci.yml') ... FAIL
  test_restaura_base_completa_antes_de_una_copia_antigua_incompleta (test_cache_nvd.CacheNvd.test_restaura_base_completa_antes_de_una_copia_antigua_incompleta) (workflow='deploy.yml') ... FAIL

======================================================================
FAIL: test_descarga_fallida_no_se_publica_como_base_completa (test_cache_nvd.CacheNvd.test_descarga_fallida_no_se_publica_como_base_completa) (workflow='ci.yml')
----------------------------------------------------------------------
Traceback (most recent call last):
  File "/workspace/ondexia/herramientas/pruebas/test_cache_nvd.py", line 68, in test_descarga_fallida_no_se_publica_como_base_completa
    self.assertFalse(permite_guardar(condicion, informe=False))
AssertionError: True is not false

======================================================================
FAIL: test_descarga_fallida_no_se_publica_como_base_completa (test_cache_nvd.CacheNvd.test_descarga_fallida_no_se_publica_como_base_completa) (workflow='deploy.yml')
----------------------------------------------------------------------
Traceback (most recent call last):
  File "/workspace/ondexia/herramientas/pruebas/test_cache_nvd.py", line 68, in test_descarga_fallida_no_se_publica_como_base_completa
    self.assertFalse(permite_guardar(condicion, informe=False))
AssertionError: True is not false

======================================================================
FAIL: test_reintentar_no_colisiona_con_la_copia_anterior (test_cache_nvd.CacheNvd.test_reintentar_no_colisiona_con_la_copia_anterior) (workflow='ci.yml')
----------------------------------------------------------------------
Traceback (most recent call last):
  File "/workspace/ondexia/herramientas/pruebas/test_cache_nvd.py", line 61, in test_reintentar_no_colisiona_con_la_copia_anterior
    self.assertEqual(almacen[clave], 'base completa del reintento')
AssertionError: 'copia anterior' != 'base completa del reintento'
- copia anterior
+ base completa del reintento


======================================================================
FAIL: test_reintentar_no_colisiona_con_la_copia_anterior (test_cache_nvd.CacheNvd.test_reintentar_no_colisiona_con_la_copia_anterior) (workflow='deploy.yml')
----------------------------------------------------------------------
Traceback (most recent call last):
  File "/workspace/ondexia/herramientas/pruebas/test_cache_nvd.py", line 61, in test_reintentar_no_colisiona_con_la_copia_anterior
    self.assertEqual(almacen[clave], 'base completa del reintento')
AssertionError: 'copia anterior' != 'base completa del reintento'
- copia anterior
+ base completa del reintento


======================================================================
FAIL: test_restaura_base_completa_antes_de_una_copia_antigua_incompleta (test_cache_nvd.CacheNvd.test_restaura_base_completa_antes_de_una_copia_antigua_incompleta) (workflow='ci.yml')
----------------------------------------------------------------------
Traceback (most recent call last):
  File "/workspace/ondexia/herramientas/pruebas/test_cache_nvd.py", line 82, in test_restaura_base_completa_antes_de_una_copia_antigua_incompleta
    self.assertEqual(recuperado, 'base completa')
AssertionError: 'descarga incompleta más reciente' != 'base completa'
- descarga incompleta más reciente
+ base completa


======================================================================
FAIL: test_restaura_base_completa_antes_de_una_copia_antigua_incompleta (test_cache_nvd.CacheNvd.test_restaura_base_completa_antes_de_una_copia_antigua_incompleta) (workflow='deploy.yml')
----------------------------------------------------------------------
Traceback (most recent call last):
  File "/workspace/ondexia/herramientas/pruebas/test_cache_nvd.py", line 82, in test_restaura_base_completa_antes_de_una_copia_antigua_incompleta
    self.assertEqual(recuperado, 'base completa')
AssertionError: 'descarga incompleta más reciente' != 'base completa'
- descarga incompleta más reciente
+ base completa


----------------------------------------------------------------------
Ran 4 tests in 0.008s

FAILED (failures=6)
